Viewport <#document> at (0,0) content-size 800x600 children: not-inline
  BlockContainer <html> at (0,0) content-size 800x600 [BFC] children: not-inline
    BlockContainer <body> at (8,8) content-size 784x17.46875 children: inline
      line 0 width: 10, height: 17.46875, bottom: 17.46875, baseline: 13.53125
        frag 0 from ButtonBlockContainer start: 0, length: 0, rect: [13,19 0x0]
      ButtonBlockContainer <button> at (13,19) content-size 0x0 inline-block children: inline
        TextNode <#text>

PaintableWithLines (Viewport<#document>) [0,0 800x600]
  PaintableWithLines (BlockContainer<HTML>) [0,0 800x600]
    PaintableWithLines (BlockContainer<BODY>) [8,8 784x17.46875]
      PaintableWithLines (ButtonBlockContainer<BUTTON>) [8,17 10x4]
